Archive member included because of file (symbol)

C:/WinAVR/lib/gcc/avr/3.4.6/avr5\libgcc.a(_clear_bss.o)
                              lbh_20160404_0.o (__do_clear_bss)
C:/WinAVR/lib/gcc/avr/3.4.6/avr5\libgcc.a(_fixunssfsi.o)
                              lbh_20160404_0.o (__fixunssfsi)
C:/WinAVR/lib/gcc/avr/3.4.6/avr5\libgcc.a(_addsub_sf.o)
                              C:/WinAVR/lib/gcc/avr/3.4.6/avr5\libgcc.a(_fixunssfsi.o) (__addsf3)
C:/WinAVR/lib/gcc/avr/3.4.6/avr5\libgcc.a(_mul_sf.o)
                              lbh_20160404_0.o (__mulsf3)
C:/WinAVR/lib/gcc/avr/3.4.6/avr5\libgcc.a(_gt_sf.o)
                              lbh_20160404_0.o (__gtsf2)
C:/WinAVR/lib/gcc/avr/3.4.6/avr5\libgcc.a(_ge_sf.o)
                              C:/WinAVR/lib/gcc/avr/3.4.6/avr5\libgcc.a(_fixunssfsi.o) (__gesf2)
C:/WinAVR/lib/gcc/avr/3.4.6/avr5\libgcc.a(_lt_sf.o)
                              lbh_20160404_0.o (__ltsf2)
C:/WinAVR/lib/gcc/avr/3.4.6/avr5\libgcc.a(_sf_to_si.o)
                              C:/WinAVR/lib/gcc/avr/3.4.6/avr5\libgcc.a(_fixunssfsi.o) (__fixsfsi)
C:/WinAVR/lib/gcc/avr/3.4.6/avr5\libgcc.a(_thenan_sf.o)
                              C:/WinAVR/lib/gcc/avr/3.4.6/avr5\libgcc.a(_addsub_sf.o) (__thenan_sf)
C:/WinAVR/lib/gcc/avr/3.4.6/avr5\libgcc.a(_prologue.o)
                              C:/WinAVR/lib/gcc/avr/3.4.6/avr5\libgcc.a(_addsub_sf.o) (__prologue_saves__)
C:/WinAVR/lib/gcc/avr/3.4.6/avr5\libgcc.a(_epilogue.o)
                              C:/WinAVR/lib/gcc/avr/3.4.6/avr5\libgcc.a(_addsub_sf.o) (__epilogue_restores__)
C:/WinAVR/lib/gcc/avr/3.4.6/avr5\libgcc.a(_pack_sf.o)
                              C:/WinAVR/lib/gcc/avr/3.4.6/avr5\libgcc.a(_addsub_sf.o) (__pack_f)
C:/WinAVR/lib/gcc/avr/3.4.6/avr5\libgcc.a(_unpack_sf.o)
                              C:/WinAVR/lib/gcc/avr/3.4.6/avr5\libgcc.a(_addsub_sf.o) (__unpack_f)
C:/WinAVR/lib/gcc/avr/3.4.6/avr5\libgcc.a(_fpcmp_parts_sf.o)
                              C:/WinAVR/lib/gcc/avr/3.4.6/avr5\libgcc.a(_gt_sf.o) (__fpcmp_parts_f)

Memory Configuration

Name             Origin             Length             Attributes
text             0x00000000         0x00020000         xr
data             0x00800060         0x0000ffa0         rw !x
eeprom           0x00810000         0x00010000         rw !x
*default*        0x00000000         0xffffffff

Linker script and memory map

Address of section .data set to 0x800100
LOAD C:/WinAVR/bin/../lib/gcc/avr/3.4.6/../../../../avr/lib/avr5/crtm128.o
LOAD lbh_20160404_0.o
LOAD C:/WinAVR/lib/gcc/avr/3.4.6/avr5\libgcc.a
LOAD C:/WinAVR/bin/../lib/gcc/avr/3.4.6/../../../../avr/lib/avr5\libc.a
LOAD C:/WinAVR/lib/gcc/avr/3.4.6/avr5\libgcc.a

.hash
 *(.hash)

.dynsym
 *(.dynsym)

.dynstr
 *(.dynstr)

.gnu.version
 *(.gnu.version)

.gnu.version_d
 *(.gnu.version_d)

.gnu.version_r
 *(.gnu.version_r)

.rel.init
 *(.rel.init)

.rela.init
 *(.rela.init)

.rel.text
 *(.rel.text)
 *(.rel.text.*)
 *(.rel.gnu.linkonce.t*)

.rela.text
 *(.rela.text)
 *(.rela.text.*)
 *(.rela.gnu.linkonce.t*)

.rel.fini
 *(.rel.fini)

.rela.fini
 *(.rela.fini)

.rel.rodata
 *(.rel.rodata)
 *(.rel.rodata.*)
 *(.rel.gnu.linkonce.r*)

.rela.rodata
 *(.rela.rodata)
 *(.rela.rodata.*)
 *(.rela.gnu.linkonce.r*)

.rel.data
 *(.rel.data)
 *(.rel.data.*)
 *(.rel.gnu.linkonce.d*)

.rela.data
 *(.rela.data)
 *(.rela.data.*)
 *(.rela.gnu.linkonce.d*)

.rel.ctors
 *(.rel.ctors)

.rela.ctors
 *(.rela.ctors)

.rel.dtors
 *(.rel.dtors)

.rela.dtors
 *(.rela.dtors)

.rel.got
 *(.rel.got)

.rela.got
 *(.rela.got)

.rel.bss
 *(.rel.bss)

.rela.bss
 *(.rela.bss)

.rel.plt
 *(.rel.plt)

.rela.plt
 *(.rela.plt)

.text           0x00000000      0xea2
 *(.vectors)
 .vectors       0x00000000       0x8c C:/WinAVR/bin/../lib/gcc/avr/3.4.6/../../../../avr/lib/avr5/crtm128.o
                0x00000000                __vectors
                0x00000000                __vector_default
                0x0000008c                __ctors_start = .
 *(.ctors)
                0x0000008c                __ctors_end = .
                0x0000008c                __dtors_start = .
 *(.dtors)
                0x0000008c                __dtors_end = .
 *(.progmem.gcc*)
 *(.progmem*)
                0x0000008c                . = ALIGN (0x2)
 *(.init0)
 *(.init1)
 *(.init2)
 .init2         0x0000008c        0xc C:/WinAVR/bin/../lib/gcc/avr/3.4.6/../../../../avr/lib/avr5/crtm128.o
 *(.init3)
 *(.init4)
 .init4         0x00000098       0x1a C:/WinAVR/bin/../lib/gcc/avr/3.4.6/../../../../avr/lib/avr5/crtm128.o
                0x00000098                __do_copy_data
 .init4         0x000000b2       0x10 C:/WinAVR/lib/gcc/avr/3.4.6/avr5\libgcc.a(_clear_bss.o)
                0x000000b2                __do_clear_bss
 *(.init5)
 *(.init6)
 *(.init7)
 *(.init8)
 *(.init9)
 .init9         0x000000c2        0x4 C:/WinAVR/bin/../lib/gcc/avr/3.4.6/../../../../avr/lib/avr5/crtm128.o
 *(.text)
 .text          0x000000c6        0x4 C:/WinAVR/bin/../lib/gcc/avr/3.4.6/../../../../avr/lib/avr5/crtm128.o
                0x000000c6                __vector_22
                0x000000c6                __vector_28
                0x000000c6                __vector_1
                0x000000c6                __vector_32
                0x000000c6                __vector_34
                0x000000c6                __vector_24
                0x000000c6                __vector_12
                0x000000c6                __bad_interrupt
                0x000000c6                __vector_6
                0x000000c6                __vector_31
                0x000000c6                __vector_3
                0x000000c6                __vector_23
                0x000000c6                __vector_30
                0x000000c6                __vector_25
                0x000000c6                __vector_11
                0x000000c6                __vector_13
                0x000000c6                __vector_17
                0x000000c6                __vector_19
                0x000000c6                __vector_7
                0x000000c6                __vector_27
                0x000000c6                __vector_5
                0x000000c6                __vector_33
                0x000000c6                __vector_4
                0x000000c6                __vector_9
                0x000000c6                __vector_2
                0x000000c6                __vector_21
                0x000000c6                __vector_15
                0x000000c6                __vector_29
                0x000000c6                __vector_8
                0x000000c6                __vector_26
                0x000000c6                __vector_14
                0x000000c6                __vector_10
                0x000000c6                __vector_16
                0x000000c6                __vector_18
                0x000000c6                __vector_20
 .text          0x000000ca      0x23a lbh_20160404_0.o
                0x000000ca                main
                0x0000021e                delay
 .text          0x00000304       0x54 C:/WinAVR/lib/gcc/avr/3.4.6/avr5\libgcc.a(_fixunssfsi.o)
                0x00000304                __fixunssfsi
 .text          0x00000358      0x314 C:/WinAVR/lib/gcc/avr/3.4.6/avr5\libgcc.a(_addsub_sf.o)
                0x00000602                __subsf3
                0x000005a0                __addsf3
 .text          0x0000066c      0x236 C:/WinAVR/lib/gcc/avr/3.4.6/avr5\libgcc.a(_mul_sf.o)
                0x0000066c                __mulsf3
 .text          0x000008a2       0x6c C:/WinAVR/lib/gcc/avr/3.4.6/avr5\libgcc.a(_gt_sf.o)
                0x000008a2                __gtsf2
 .text          0x0000090e       0x6c C:/WinAVR/lib/gcc/avr/3.4.6/avr5\libgcc.a(_ge_sf.o)
                0x0000090e                __gesf2
 .text          0x0000097a       0x6c C:/WinAVR/lib/gcc/avr/3.4.6/avr5\libgcc.a(_lt_sf.o)
                0x0000097a                __ltsf2
 .text          0x000009e6       0xa4 C:/WinAVR/lib/gcc/avr/3.4.6/avr5\libgcc.a(_sf_to_si.o)
                0x000009e6                __fixsfsi
 .text          0x00000a8a      0x1d0 C:/WinAVR/lib/gcc/avr/3.4.6/avr5\libgcc.a(_pack_sf.o)
                0x00000a8a                __pack_f
 .text          0x00000c5a       0xf4 C:/WinAVR/lib/gcc/avr/3.4.6/avr5\libgcc.a(_unpack_sf.o)
                0x00000c5a                __unpack_f
 .text          0x00000d4e       0xe6 C:/WinAVR/lib/gcc/avr/3.4.6/avr5\libgcc.a(_fpcmp_parts_sf.o)
                0x00000d4e                __fpcmp_parts_f
                0x00000e34                . = ALIGN (0x2)
 *(.text.*)
 .text.libgcc   0x00000e34       0x38 C:/WinAVR/lib/gcc/avr/3.4.6/avr5\libgcc.a(_prologue.o)
                0x00000e34                __prologue_saves__
 .text.libgcc   0x00000e6c       0x36 C:/WinAVR/lib/gcc/avr/3.4.6/avr5\libgcc.a(_epilogue.o)
                0x00000e6c                __epilogue_restores__
                0x00000ea2                . = ALIGN (0x2)
 *(.fini9)
 *(.fini8)
 *(.fini7)
 *(.fini6)
 *(.fini5)
 *(.fini4)
 *(.fini3)
 *(.fini2)
 *(.fini1)
 *(.fini0)
                0x00000ea2                _etext = .

.data           0x00800100        0x8 load address 0x00000ea2
                0x00800100                PROVIDE (__data_start, .)
 *(.data)
 .data          0x00800100        0x8 C:/WinAVR/lib/gcc/avr/3.4.6/avr5\libgcc.a(_thenan_sf.o)
                0x00800100                __thenan_sf
 *(.gnu.linkonce.d*)
                0x00800108                . = ALIGN (0x2)
                0x00800108                _edata = .
                0x00800108                PROVIDE (__data_end, .)

.bss            0x00800108        0x0
                0x00800108                PROVIDE (__bss_start, .)
 *(.bss)
 *(COMMON)
                0x00800108                PROVIDE (__bss_end, .)
                0x00000ea2                __data_load_start = LOADADDR (.data)
                0x00000eaa                __data_load_end = (__data_load_start + SIZEOF (.data))

.noinit         0x00800108        0x0
                0x00800108                PROVIDE (__noinit_start, .)
 *(.noinit*)
                0x00800108                PROVIDE (__noinit_end, .)
                0x00800108                _end = .
                0x00800108                PROVIDE (__heap_start, .)

.eeprom         0x00810000        0x0
 *(.eeprom*)
                0x00810000                __eeprom_end = .

.stab           0x00000000      0x408
 *(.stab)
 .stab          0x00000000      0x408 C:/WinAVR/bin/../lib/gcc/avr/3.4.6/../../../../avr/lib/avr5/crtm128.o

.stabstr        0x00000000       0x84
 *(.stabstr)
 .stabstr       0x00000000       0x84 C:/WinAVR/bin/../lib/gcc/avr/3.4.6/../../../../avr/lib/avr5/crtm128.o

.stab.excl
 *(.stab.excl)

.stab.exclstr
 *(.stab.exclstr)

.stab.index
 *(.stab.index)

.stab.indexstr
 *(.stab.indexstr)

.comment
 *(.comment)

.debug
 *(.debug)

.line
 *(.line)

.debug_srcinfo
 *(.debug_srcinfo)

.debug_sfnames
 *(.debug_sfnames)

.debug_aranges  0x00000000       0x14
 *(.debug_aranges)
 .debug_aranges
                0x00000000       0x14 lbh_20160404_0.o

.debug_pubnames
                0x00000000       0x25
 *(.debug_pubnames)
 .debug_pubnames
                0x00000000       0x25 lbh_20160404_0.o

.debug_info     0x00000000      0x253
 *(.debug_info)
 .debug_info    0x00000000      0x253 lbh_20160404_0.o
 *(.gnu.linkonce.wi.*)

.debug_abbrev   0x00000000       0xd6
 *(.debug_abbrev)
 .debug_abbrev  0x00000000       0xd6 lbh_20160404_0.o

.debug_line     0x00000000      0x182
 *(.debug_line)
 .debug_line    0x00000000      0x182 lbh_20160404_0.o

.debug_frame
 *(.debug_frame)

.debug_str
 *(.debug_str)

.debug_loc
 *(.debug_loc)

.debug_macinfo
 *(.debug_macinfo)
OUTPUT(lbh_20160404_0.elf elf32-avr)
