Archive member included because of file (symbol)

c:/program files (x86)/atmel/avr tools/avr toolchain/bin/../lib/gcc/avr/4.5.1/avr51\libgcc.a(_exit.o)
                              c:/program files (x86)/atmel/avr tools/avr toolchain/bin/../lib/gcc/avr/4.5.1/../../../../avr/lib/avr51/crtm128.o (exit)
c:/program files (x86)/atmel/avr tools/avr toolchain/bin/../lib/gcc/avr/4.5.1/avr51\libgcc.a(_copy_data.o)
                              keylcdledsoundfnd.o (__do_copy_data)
c:/program files (x86)/atmel/avr tools/avr toolchain/bin/../lib/gcc/avr/4.5.1/avr51\libgcc.a(_clear_bss.o)
                              keylcdledsoundfnd.o (__do_clear_bss)
c:/program files (x86)/atmel/avr tools/avr toolchain/bin/../lib/gcc/avr/4.5.1/avr51\libgcc.a(_fixunssfsi.o)
                              keylcdledsoundfnd.o (__fixunssfsi)
c:/program files (x86)/atmel/avr tools/avr toolchain/bin/../lib/gcc/avr/4.5.1/avr51\libgcc.a(_addsub_sf.o)
                              c:/program files (x86)/atmel/avr tools/avr toolchain/bin/../lib/gcc/avr/4.5.1/avr51\libgcc.a(_fixunssfsi.o) (__subsf3)
c:/program files (x86)/atmel/avr tools/avr toolchain/bin/../lib/gcc/avr/4.5.1/avr51\libgcc.a(_mul_sf.o)
                              keylcdledsoundfnd.o (__mulsf3)
c:/program files (x86)/atmel/avr tools/avr toolchain/bin/../lib/gcc/avr/4.5.1/avr51\libgcc.a(_div_sf.o)
                              keylcdledsoundfnd.o (__divsf3)
c:/program files (x86)/atmel/avr tools/avr toolchain/bin/../lib/gcc/avr/4.5.1/avr51\libgcc.a(_gt_sf.o)
                              keylcdledsoundfnd.o (__gtsf2)
c:/program files (x86)/atmel/avr tools/avr toolchain/bin/../lib/gcc/avr/4.5.1/avr51\libgcc.a(_ge_sf.o)
                              c:/program files (x86)/atmel/avr tools/avr toolchain/bin/../lib/gcc/avr/4.5.1/avr51\libgcc.a(_fixunssfsi.o) (__gesf2)
c:/program files (x86)/atmel/avr tools/avr toolchain/bin/../lib/gcc/avr/4.5.1/avr51\libgcc.a(_lt_sf.o)
                              keylcdledsoundfnd.o (__ltsf2)
c:/program files (x86)/atmel/avr tools/avr toolchain/bin/../lib/gcc/avr/4.5.1/avr51\libgcc.a(_sf_to_si.o)
                              c:/program files (x86)/atmel/avr tools/avr toolchain/bin/../lib/gcc/avr/4.5.1/avr51\libgcc.a(_fixunssfsi.o) (__fixsfsi)
c:/program files (x86)/atmel/avr tools/avr toolchain/bin/../lib/gcc/avr/4.5.1/avr51\libgcc.a(_thenan_sf.o)
                              c:/program files (x86)/atmel/avr tools/avr toolchain/bin/../lib/gcc/avr/4.5.1/avr51\libgcc.a(_addsub_sf.o) (__thenan_sf)
c:/program files (x86)/atmel/avr tools/avr toolchain/bin/../lib/gcc/avr/4.5.1/avr51\libgcc.a(_prologue.o)
                              c:/program files (x86)/atmel/avr tools/avr toolchain/bin/../lib/gcc/avr/4.5.1/avr51\libgcc.a(_addsub_sf.o) (__prologue_saves__)
c:/program files (x86)/atmel/avr tools/avr toolchain/bin/../lib/gcc/avr/4.5.1/avr51\libgcc.a(_epilogue.o)
                              c:/program files (x86)/atmel/avr tools/avr toolchain/bin/../lib/gcc/avr/4.5.1/avr51\libgcc.a(_addsub_sf.o) (__epilogue_restores__)
c:/program files (x86)/atmel/avr tools/avr toolchain/bin/../lib/gcc/avr/4.5.1/avr51\libgcc.a(_pack_sf.o)
                              c:/program files (x86)/atmel/avr tools/avr toolchain/bin/../lib/gcc/avr/4.5.1/avr51\libgcc.a(_addsub_sf.o) (__pack_f)
c:/program files (x86)/atmel/avr tools/avr toolchain/bin/../lib/gcc/avr/4.5.1/avr51\libgcc.a(_unpack_sf.o)
                              c:/program files (x86)/atmel/avr tools/avr toolchain/bin/../lib/gcc/avr/4.5.1/avr51\libgcc.a(_addsub_sf.o) (__unpack_f)
c:/program files (x86)/atmel/avr tools/avr toolchain/bin/../lib/gcc/avr/4.5.1/avr51\libgcc.a(_fpcmp_parts_sf.o)
                              c:/program files (x86)/atmel/avr tools/avr toolchain/bin/../lib/gcc/avr/4.5.1/avr51\libgcc.a(_gt_sf.o) (__fpcmp_parts_f)
c:/program files (x86)/atmel/avr tools/avr toolchain/bin/../lib/gcc/avr/4.5.1/../../../../avr/lib/avr51\libc.a(sprintf.o)
                              keylcdledsoundfnd.o (sprintf)
c:/program files (x86)/atmel/avr tools/avr toolchain/bin/../lib/gcc/avr/4.5.1/../../../../avr/lib/avr51\libc.a(vfprintf_std.o)
                              c:/program files (x86)/atmel/avr tools/avr toolchain/bin/../lib/gcc/avr/4.5.1/../../../../avr/lib/avr51\libc.a(sprintf.o) (vfprintf)
c:/program files (x86)/atmel/avr tools/avr toolchain/bin/../lib/gcc/avr/4.5.1/../../../../avr/lib/avr51\libc.a(strnlen_P.o)
                              c:/program files (x86)/atmel/avr tools/avr toolchain/bin/../lib/gcc/avr/4.5.1/../../../../avr/lib/avr51\libc.a(vfprintf_std.o) (strnlen_P)
c:/program files (x86)/atmel/avr tools/avr toolchain/bin/../lib/gcc/avr/4.5.1/../../../../avr/lib/avr51\libc.a(strnlen.o)
                              c:/program files (x86)/atmel/avr tools/avr toolchain/bin/../lib/gcc/avr/4.5.1/../../../../avr/lib/avr51\libc.a(vfprintf_std.o) (strnlen)
c:/program files (x86)/atmel/avr tools/avr toolchain/bin/../lib/gcc/avr/4.5.1/../../../../avr/lib/avr51\libc.a(fputc.o)
                              c:/program files (x86)/atmel/avr tools/avr toolchain/bin/../lib/gcc/avr/4.5.1/../../../../avr/lib/avr51\libc.a(vfprintf_std.o) (fputc)
c:/program files (x86)/atmel/avr tools/avr toolchain/bin/../lib/gcc/avr/4.5.1/../../../../avr/lib/avr51\libc.a(ultoa_invert.o)
                              c:/program files (x86)/atmel/avr tools/avr toolchain/bin/../lib/gcc/avr/4.5.1/../../../../avr/lib/avr51\libc.a(vfprintf_std.o) (__ultoa_invert)

Memory Configuration

Name             Origin             Length             Attributes
text             0x00000000         0x00020000         xr
data             0x00800100         0x0000ff00         rw !x
eeprom           0x00810000         0x00010000         rw !x
fuse             0x00820000         0x00000400         rw !x
lock             0x00830000         0x00000400         rw !x
signature        0x00840000         0x00000400         rw !x
*default*        0x00000000         0xffffffff

Linker script and memory map

Address of section .data set to 0x800100
LOAD c:/program files (x86)/atmel/avr tools/avr toolchain/bin/../lib/gcc/avr/4.5.1/../../../../avr/lib/avr51/crtm128.o
LOAD keylcdledsoundfnd.o
LOAD c:/program files (x86)/atmel/avr tools/avr toolchain/bin/../lib/gcc/avr/4.5.1/avr51\libgcc.a
LOAD c:/program files (x86)/atmel/avr tools/avr toolchain/bin/../lib/gcc/avr/4.5.1/../../../../avr/lib/avr51\libc.a
LOAD c:/program files (x86)/atmel/avr tools/avr toolchain/bin/../lib/gcc/avr/4.5.1/avr51\libgcc.a

.hash
 *(.hash)

.dynsym
 *(.dynsym)

.dynstr
 *(.dynstr)

.gnu.version
 *(.gnu.version)

.gnu.version_d
 *(.gnu.version_d)

.gnu.version_r
 *(.gnu.version_r)

.rel.init
 *(.rel.init)

.rela.init
 *(.rela.init)

.rel.text
 *(.rel.text)
 *(.rel.text.*)
 *(.rel.gnu.linkonce.t*)

.rela.text
 *(.rela.text)
 *(.rela.text.*)
 *(.rela.gnu.linkonce.t*)

.rel.fini
 *(.rel.fini)

.rela.fini
 *(.rela.fini)

.rel.rodata
 *(.rel.rodata)
 *(.rel.rodata.*)
 *(.rel.gnu.linkonce.r*)

.rela.rodata
 *(.rela.rodata)
 *(.rela.rodata.*)
 *(.rela.gnu.linkonce.r*)

.rel.data
 *(.rel.data)
 *(.rel.data.*)
 *(.rel.gnu.linkonce.d*)

.rela.data
 *(.rela.data)
 *(.rela.data.*)
 *(.rela.gnu.linkonce.d*)

.rel.ctors
 *(.rel.ctors)

.rela.ctors
 *(.rela.ctors)

.rel.dtors
 *(.rel.dtors)

.rela.dtors
 *(.rela.dtors)

.rel.got
 *(.rel.got)

.rela.got
 *(.rela.got)

.rel.bss
 *(.rel.bss)

.rela.bss
 *(.rela.bss)

.rel.plt
 *(.rel.plt)

.rela.plt
 *(.rela.plt)

.text           0x00000000     0x2d02
 *(.vectors)
 .vectors       0x00000000       0x8c c:/program files (x86)/atmel/avr tools/avr toolchain/bin/../lib/gcc/avr/4.5.1/../../../../avr/lib/avr51/crtm128.o
                0x00000000                __vector_default
                0x00000000                __vectors
 *(.vectors)
 *(.progmem.gcc*)
 *(.progmem*)
                0x0000008c                . = ALIGN (0x2)
                0x0000008c                __trampolines_start = .
 *(.trampolines)
 .trampolines   0x0000008c        0x0 linker stubs
 *(.trampolines*)
                0x0000008c                __trampolines_end = .
 *(.jumptables)
 *(.jumptables*)
 *(.lowtext)
 *(.lowtext*)
                0x0000008c                __ctors_start = .
 *(.ctors)
                0x0000008c                __ctors_end = .
                0x0000008c                __dtors_start = .
 *(.dtors)
                0x0000008c                __dtors_end = .
 SORT(*)(.ctors)
 SORT(*)(.dtors)
 *(.init0)
 .init0         0x0000008c        0x0 c:/program files (x86)/atmel/avr tools/avr toolchain/bin/../lib/gcc/avr/4.5.1/../../../../avr/lib/avr51/crtm128.o
                0x0000008c                __init
 *(.init0)
 *(.init1)
 *(.init1)
 *(.init2)
 .init2         0x0000008c        0xc c:/program files (x86)/atmel/avr tools/avr toolchain/bin/../lib/gcc/avr/4.5.1/../../../../avr/lib/avr51/crtm128.o
 *(.init2)
 *(.init3)
 *(.init3)
 *(.init4)
 .init4         0x00000098       0x1a c:/program files (x86)/atmel/avr tools/avr toolchain/bin/../lib/gcc/avr/4.5.1/avr51\libgcc.a(_copy_data.o)
                0x00000098                __do_copy_data
 .init4         0x000000b2       0x10 c:/program files (x86)/atmel/avr tools/avr toolchain/bin/../lib/gcc/avr/4.5.1/avr51\libgcc.a(_clear_bss.o)
                0x000000b2                __do_clear_bss
 *(.init4)
 *(.init5)
 *(.init5)
 *(.init6)
 *(.init6)
 *(.init7)
 *(.init7)
 *(.init8)
 *(.init8)
 *(.init9)
 .init9         0x000000c2        0x8 c:/program files (x86)/atmel/avr tools/avr toolchain/bin/../lib/gcc/avr/4.5.1/../../../../avr/lib/avr51/crtm128.o
 *(.init9)
 *(.text)
 .text          0x000000ca        0x4 c:/program files (x86)/atmel/avr tools/avr toolchain/bin/../lib/gcc/avr/4.5.1/../../../../avr/lib/avr51/crtm128.o
                0x000000ca                __vector_22
                0x000000ca                __vector_28
                0x000000ca                __vector_1
                0x000000ca                __vector_32
                0x000000ca                __vector_34
                0x000000ca                __vector_24
                0x000000ca                __vector_12
                0x000000ca                __bad_interrupt
                0x000000ca                __vector_6
                0x000000ca                __vector_31
                0x000000ca                __vector_3
                0x000000ca                __vector_23
                0x000000ca                __vector_30
                0x000000ca                __vector_25
                0x000000ca                __vector_11
                0x000000ca                __vector_13
                0x000000ca                __vector_17
                0x000000ca                __vector_19
                0x000000ca                __vector_7
                0x000000ca                __vector_27
                0x000000ca                __vector_5
                0x000000ca                __vector_33
                0x000000ca                __vector_4
                0x000000ca                __vector_9
                0x000000ca                __vector_2
                0x000000ca                __vector_21
                0x000000ca                __vector_29
                0x000000ca                __vector_8
                0x000000ca                __vector_26
                0x000000ca                __vector_14
                0x000000ca                __vector_16
                0x000000ca                __vector_18
                0x000000ca                __vector_20
 .text          0x000000ce     0x1a26 keylcdledsoundfnd.o
                0x000000ce                lcdData
                0x00000492                lcdCmd
                0x000007ac                lcd_gotoxy
                0x00000802                lcd_puts
                0x00000840                lcd_init
                0x00000aa6                Init_Timer2
                0x00000b0e                __vector_15
                0x00000c2a                KeyScan
                0x0000177a                main
                0x00001ad4                __vector_10
 .text          0x00001af4        0x0 c:/program files (x86)/atmel/avr tools/avr toolchain/bin/../lib/gcc/avr/4.5.1/avr51\libgcc.a(_exit.o)
 .text          0x00001af4        0x0 c:/program files (x86)/atmel/avr tools/avr toolchain/bin/../lib/gcc/avr/4.5.1/avr51\libgcc.a(_copy_data.o)
 .text          0x00001af4        0x0 c:/program files (x86)/atmel/avr tools/avr toolchain/bin/../lib/gcc/avr/4.5.1/avr51\libgcc.a(_clear_bss.o)
 .text          0x00001af4       0x58 c:/program files (x86)/atmel/avr tools/avr toolchain/bin/../lib/gcc/avr/4.5.1/avr51\libgcc.a(_fixunssfsi.o)
                0x00001af4                __fixunssfsi
 .text          0x00001b4c      0x350 c:/program files (x86)/atmel/avr tools/avr toolchain/bin/../lib/gcc/avr/4.5.1/avr51\libgcc.a(_addsub_sf.o)
                0x00001de0                __addsf3
                0x00001e3a                __subsf3
 .text          0x00001e9c      0x1f4 c:/program files (x86)/atmel/avr tools/avr toolchain/bin/../lib/gcc/avr/4.5.1/avr51\libgcc.a(_mul_sf.o)
                0x00001e9c                __mulsf3
 .text          0x00002090      0x15c c:/program files (x86)/atmel/avr tools/avr toolchain/bin/../lib/gcc/avr/4.5.1/avr51\libgcc.a(_div_sf.o)
                0x00002090                __divsf3
 .text          0x000021ec       0x60 c:/program files (x86)/atmel/avr tools/avr toolchain/bin/../lib/gcc/avr/4.5.1/avr51\libgcc.a(_gt_sf.o)
                0x000021ec                __gtsf2
 .text          0x0000224c       0x60 c:/program files (x86)/atmel/avr tools/avr toolchain/bin/../lib/gcc/avr/4.5.1/avr51\libgcc.a(_ge_sf.o)
                0x0000224c                __gesf2
 .text          0x000022ac       0x60 c:/program files (x86)/atmel/avr tools/avr toolchain/bin/../lib/gcc/avr/4.5.1/avr51\libgcc.a(_lt_sf.o)
                0x000022ac                __ltsf2
 .text          0x0000230c       0xa4 c:/program files (x86)/atmel/avr tools/avr toolchain/bin/../lib/gcc/avr/4.5.1/avr51\libgcc.a(_sf_to_si.o)
                0x0000230c                __fixsfsi
 .text          0x000023b0        0x0 c:/program files (x86)/atmel/avr tools/avr toolchain/bin/../lib/gcc/avr/4.5.1/avr51\libgcc.a(_thenan_sf.o)
 .text          0x000023b0        0x0 c:/program files (x86)/atmel/avr tools/avr toolchain/bin/../lib/gcc/avr/4.5.1/avr51\libgcc.a(_prologue.o)
 .text          0x000023b0        0x0 c:/program files (x86)/atmel/avr tools/avr toolchain/bin/../lib/gcc/avr/4.5.1/avr51\libgcc.a(_epilogue.o)
 .text          0x000023b0      0x19c c:/program files (x86)/atmel/avr tools/avr toolchain/bin/../lib/gcc/avr/4.5.1/avr51\libgcc.a(_pack_sf.o)
                0x000023b0                __pack_f
 .text          0x0000254c       0xd2 c:/program files (x86)/atmel/avr tools/avr toolchain/bin/../lib/gcc/avr/4.5.1/avr51\libgcc.a(_unpack_sf.o)
                0x0000254c                __unpack_f
 .text          0x0000261e       0xb2 c:/program files (x86)/atmel/avr tools/avr toolchain/bin/../lib/gcc/avr/4.5.1/avr51\libgcc.a(_fpcmp_parts_sf.o)
                0x0000261e                __fpcmp_parts_f
 .text          0x000026d0        0x0 c:/program files (x86)/atmel/avr tools/avr toolchain/bin/../lib/gcc/avr/4.5.1/../../../../avr/lib/avr51\libc.a(sprintf.o)
 .text          0x000026d0        0x0 c:/program files (x86)/atmel/avr tools/avr toolchain/bin/../lib/gcc/avr/4.5.1/../../../../avr/lib/avr51\libc.a(vfprintf_std.o)
 .text          0x000026d0        0x0 c:/program files (x86)/atmel/avr tools/avr toolchain/bin/../lib/gcc/avr/4.5.1/../../../../avr/lib/avr51\libc.a(strnlen_P.o)
 .text          0x000026d0        0x0 c:/program files (x86)/atmel/avr tools/avr toolchain/bin/../lib/gcc/avr/4.5.1/../../../../avr/lib/avr51\libc.a(strnlen.o)
 .text          0x000026d0        0x0 c:/program files (x86)/atmel/avr tools/avr toolchain/bin/../lib/gcc/avr/4.5.1/../../../../avr/lib/avr51\libc.a(fputc.o)
 .text          0x000026d0        0x0 c:/program files (x86)/atmel/avr tools/avr toolchain/bin/../lib/gcc/avr/4.5.1/../../../../avr/lib/avr51\libc.a(ultoa_invert.o)
                0x000026d0                . = ALIGN (0x2)
 *(.text.*)
 .text.libgcc   0x000026d0        0x0 c:/program files (x86)/atmel/avr tools/avr toolchain/bin/../lib/gcc/avr/4.5.1/avr51\libgcc.a(_exit.o)
 .text.libgcc   0x000026d0        0x0 c:/program files (x86)/atmel/avr tools/avr toolchain/bin/../lib/gcc/avr/4.5.1/avr51\libgcc.a(_copy_data.o)
 .text.libgcc   0x000026d0        0x0 c:/program files (x86)/atmel/avr tools/avr toolchain/bin/../lib/gcc/avr/4.5.1/avr51\libgcc.a(_clear_bss.o)
 .text.libgcc   0x000026d0       0x38 c:/program files (x86)/atmel/avr tools/avr toolchain/bin/../lib/gcc/avr/4.5.1/avr51\libgcc.a(_prologue.o)
                0x000026d0                __prologue_saves__
 .text.libgcc   0x00002708       0x36 c:/program files (x86)/atmel/avr tools/avr toolchain/bin/../lib/gcc/avr/4.5.1/avr51\libgcc.a(_epilogue.o)
                0x00002708                __epilogue_restores__
 .text.avr-libc
                0x0000273e       0x60 c:/program files (x86)/atmel/avr tools/avr toolchain/bin/../lib/gcc/avr/4.5.1/../../../../avr/lib/avr51\libc.a(sprintf.o)
                0x0000273e                sprintf
 .text.avr-libc
                0x0000279e      0x420 c:/program files (x86)/atmel/avr tools/avr toolchain/bin/../lib/gcc/avr/4.5.1/../../../../avr/lib/avr51\libc.a(vfprintf_std.o)
                0x0000279e                vfprintf
 .text.avr-libc
                0x00002bbe       0x16 c:/program files (x86)/atmel/avr tools/avr toolchain/bin/../lib/gcc/avr/4.5.1/../../../../avr/lib/avr51\libc.a(strnlen_P.o)
                0x00002bbe                strnlen_P
 .text.avr-libc
                0x00002bd4       0x16 c:/program files (x86)/atmel/avr tools/avr toolchain/bin/../lib/gcc/avr/4.5.1/../../../../avr/lib/avr51\libc.a(strnlen.o)
                0x00002bd4                strnlen
 .text.avr-libc
                0x00002bea       0x58 c:/program files (x86)/atmel/avr tools/avr toolchain/bin/../lib/gcc/avr/4.5.1/../../../../avr/lib/avr51\libc.a(fputc.o)
                0x00002bea                fputc
 .text.avr-libc
                0x00002c42       0xbc c:/program files (x86)/atmel/avr tools/avr toolchain/bin/../lib/gcc/avr/4.5.1/../../../../avr/lib/avr51\libc.a(ultoa_invert.o)
                0x00002c42                __ultoa_invert
                0x00002cfe                . = ALIGN (0x2)
 *(.fini9)
 .fini9         0x00002cfe        0x0 c:/program files (x86)/atmel/avr tools/avr toolchain/bin/../lib/gcc/avr/4.5.1/avr51\libgcc.a(_exit.o)
                0x00002cfe                _exit
                0x00002cfe                exit
 *(.fini9)
 *(.fini8)
 *(.fini8)
 *(.fini7)
 *(.fini7)
 *(.fini6)
 *(.fini6)
 *(.fini5)
 *(.fini5)
 *(.fini4)
 *(.fini4)
 *(.fini3)
 *(.fini3)
 *(.fini2)
 *(.fini2)
 *(.fini1)
 *(.fini1)
 *(.fini0)
 .fini0         0x00002cfe        0x4 c:/program files (x86)/atmel/avr tools/avr toolchain/bin/../lib/gcc/avr/4.5.1/avr51\libgcc.a(_exit.o)
 *(.fini0)
                0x00002d02                _etext = .

.data           0x00800100       0x70 load address 0x00002d02
                0x00800100                PROVIDE (__data_start, .)
 *(.data)
 .data          0x00800100        0x0 c:/program files (x86)/atmel/avr tools/avr toolchain/bin/../lib/gcc/avr/4.5.1/../../../../avr/lib/avr51/crtm128.o
 .data          0x00800100       0x67 keylcdledsoundfnd.o
                0x00800100                str1
                0x00800114                str2
                0x00800124                str3
                0x00800135                fnd_table
 .data          0x00800167        0x0 c:/program files (x86)/atmel/avr tools/avr toolchain/bin/../lib/gcc/avr/4.5.1/avr51\libgcc.a(_exit.o)
 .data          0x00800167        0x0 c:/program files (x86)/atmel/avr tools/avr toolchain/bin/../lib/gcc/avr/4.5.1/avr51\libgcc.a(_copy_data.o)
 .data          0x00800167        0x0 c:/program files (x86)/atmel/avr tools/avr toolchain/bin/../lib/gcc/avr/4.5.1/avr51\libgcc.a(_clear_bss.o)
 .data          0x00800167        0x0 c:/program files (x86)/atmel/avr tools/avr toolchain/bin/../lib/gcc/avr/4.5.1/avr51\libgcc.a(_fixunssfsi.o)
 .data          0x00800167        0x0 c:/program files (x86)/atmel/avr tools/avr toolchain/bin/../lib/gcc/avr/4.5.1/avr51\libgcc.a(_addsub_sf.o)
 .data          0x00800167        0x0 c:/program files (x86)/atmel/avr tools/avr toolchain/bin/../lib/gcc/avr/4.5.1/avr51\libgcc.a(_mul_sf.o)
 .data          0x00800167        0x0 c:/program files (x86)/atmel/avr tools/avr toolchain/bin/../lib/gcc/avr/4.5.1/avr51\libgcc.a(_div_sf.o)
 .data          0x00800167        0x0 c:/program files (x86)/atmel/avr tools/avr toolchain/bin/../lib/gcc/avr/4.5.1/avr51\libgcc.a(_gt_sf.o)
 .data          0x00800167        0x0 c:/program files (x86)/atmel/avr tools/avr toolchain/bin/../lib/gcc/avr/4.5.1/avr51\libgcc.a(_ge_sf.o)
 .data          0x00800167        0x0 c:/program files (x86)/atmel/avr tools/avr toolchain/bin/../lib/gcc/avr/4.5.1/avr51\libgcc.a(_lt_sf.o)
 .data          0x00800167        0x0 c:/program files (x86)/atmel/avr tools/avr toolchain/bin/../lib/gcc/avr/4.5.1/avr51\libgcc.a(_sf_to_si.o)
 .data          0x00800167        0x8 c:/program files (x86)/atmel/avr tools/avr toolchain/bin/../lib/gcc/avr/4.5.1/avr51\libgcc.a(_thenan_sf.o)
                0x00800167                __thenan_sf
 .data          0x0080016f        0x0 c:/program files (x86)/atmel/avr tools/avr toolchain/bin/../lib/gcc/avr/4.5.1/avr51\libgcc.a(_prologue.o)
 .data          0x0080016f        0x0 c:/program files (x86)/atmel/avr tools/avr toolchain/bin/../lib/gcc/avr/4.5.1/avr51\libgcc.a(_epilogue.o)
 .data          0x0080016f        0x0 c:/program files (x86)/atmel/avr tools/avr toolchain/bin/../lib/gcc/avr/4.5.1/avr51\libgcc.a(_pack_sf.o)
 .data          0x0080016f        0x0 c:/program files (x86)/atmel/avr tools/avr toolchain/bin/../lib/gcc/avr/4.5.1/avr51\libgcc.a(_unpack_sf.o)
 .data          0x0080016f        0x0 c:/program files (x86)/atmel/avr tools/avr toolchain/bin/../lib/gcc/avr/4.5.1/avr51\libgcc.a(_fpcmp_parts_sf.o)
 .data          0x0080016f        0x0 c:/program files (x86)/atmel/avr tools/avr toolchain/bin/../lib/gcc/avr/4.5.1/../../../../avr/lib/avr51\libc.a(sprintf.o)
 .data          0x0080016f        0x0 c:/program files (x86)/atmel/avr tools/avr toolchain/bin/../lib/gcc/avr/4.5.1/../../../../avr/lib/avr51\libc.a(vfprintf_std.o)
 .data          0x0080016f        0x0 c:/program files (x86)/atmel/avr tools/avr toolchain/bin/../lib/gcc/avr/4.5.1/../../../../avr/lib/avr51\libc.a(strnlen_P.o)
 .data          0x0080016f        0x0 c:/program files (x86)/atmel/avr tools/avr toolchain/bin/../lib/gcc/avr/4.5.1/../../../../avr/lib/avr51\libc.a(strnlen.o)
 .data          0x0080016f        0x0 c:/program files (x86)/atmel/avr tools/avr toolchain/bin/../lib/gcc/avr/4.5.1/../../../../avr/lib/avr51\libc.a(fputc.o)
 .data          0x0080016f        0x0 c:/program files (x86)/atmel/avr tools/avr toolchain/bin/../lib/gcc/avr/4.5.1/../../../../avr/lib/avr51\libc.a(ultoa_invert.o)
 *(.data*)
 *(.rodata)
 *(.rodata*)
 *(.gnu.linkonce.d*)
                0x00800170                . = ALIGN (0x2)
 *fill*         0x0080016f        0x1 00
                0x00800170                _edata = .
                0x00800170                PROVIDE (__data_end, .)

.bss            0x00800170        0x7
                0x00800170                PROVIDE (__bss_start, .)
 *(.bss)
 .bss           0x00800170        0x0 c:/program files (x86)/atmel/avr tools/avr toolchain/bin/../lib/gcc/avr/4.5.1/../../../../avr/lib/avr51/crtm128.o
 .bss           0x00800170        0x7 keylcdledsoundfnd.o
                0x00800170                Timer2_CNT
                0x00800172                fnd_cnt
                0x00800173                fnd_buf
 .bss           0x00800177        0x0 c:/program files (x86)/atmel/avr tools/avr toolchain/bin/../lib/gcc/avr/4.5.1/avr51\libgcc.a(_exit.o)
 .bss           0x00800177        0x0 c:/program files (x86)/atmel/avr tools/avr toolchain/bin/../lib/gcc/avr/4.5.1/avr51\libgcc.a(_copy_data.o)
 .bss           0x00800177        0x0 c:/program files (x86)/atmel/avr tools/avr toolchain/bin/../lib/gcc/avr/4.5.1/avr51\libgcc.a(_clear_bss.o)
 .bss           0x00800177        0x0 c:/program files (x86)/atmel/avr tools/avr toolchain/bin/../lib/gcc/avr/4.5.1/avr51\libgcc.a(_fixunssfsi.o)
 .bss           0x00800177        0x0 c:/program files (x86)/atmel/avr tools/avr toolchain/bin/../lib/gcc/avr/4.5.1/avr51\libgcc.a(_addsub_sf.o)
 .bss           0x00800177        0x0 c:/program files (x86)/atmel/avr tools/avr toolchain/bin/../lib/gcc/avr/4.5.1/avr51\libgcc.a(_mul_sf.o)
 .bss           0x00800177        0x0 c:/program files (x86)/atmel/avr tools/avr toolchain/bin/../lib/gcc/avr/4.5.1/avr51\libgcc.a(_div_sf.o)
 .bss           0x00800177        0x0 c:/program files (x86)/atmel/avr tools/avr toolchain/bin/../lib/gcc/avr/4.5.1/avr51\libgcc.a(_gt_sf.o)
 .bss           0x00800177        0x0 c:/program files (x86)/atmel/avr tools/avr toolchain/bin/../lib/gcc/avr/4.5.1/avr51\libgcc.a(_ge_sf.o)
 .bss           0x00800177        0x0 c:/program files (x86)/atmel/avr tools/avr toolchain/bin/../lib/gcc/avr/4.5.1/avr51\libgcc.a(_lt_sf.o)
 .bss           0x00800177        0x0 c:/program files (x86)/atmel/avr tools/avr toolchain/bin/../lib/gcc/avr/4.5.1/avr51\libgcc.a(_sf_to_si.o)
 .bss           0x00800177        0x0 c:/program files (x86)/atmel/avr tools/avr toolchain/bin/../lib/gcc/avr/4.5.1/avr51\libgcc.a(_thenan_sf.o)
 .bss           0x00800177        0x0 c:/program files (x86)/atmel/avr tools/avr toolchain/bin/../lib/gcc/avr/4.5.1/avr51\libgcc.a(_prologue.o)
 .bss           0x00800177        0x0 c:/program files (x86)/atmel/avr tools/avr toolchain/bin/../lib/gcc/avr/4.5.1/avr51\libgcc.a(_epilogue.o)
 .bss           0x00800177        0x0 c:/program files (x86)/atmel/avr tools/avr toolchain/bin/../lib/gcc/avr/4.5.1/avr51\libgcc.a(_pack_sf.o)
 .bss           0x00800177        0x0 c:/program files (x86)/atmel/avr tools/avr toolchain/bin/../lib/gcc/avr/4.5.1/avr51\libgcc.a(_unpack_sf.o)
 .bss           0x00800177        0x0 c:/program files (x86)/atmel/avr tools/avr toolchain/bin/../lib/gcc/avr/4.5.1/avr51\libgcc.a(_fpcmp_parts_sf.o)
 .bss           0x00800177        0x0 c:/program files (x86)/atmel/avr tools/avr toolchain/bin/../lib/gcc/avr/4.5.1/../../../../avr/lib/avr51\libc.a(sprintf.o)
 .bss           0x00800177        0x0 c:/program files (x86)/atmel/avr tools/avr toolchain/bin/../lib/gcc/avr/4.5.1/../../../../avr/lib/avr51\libc.a(vfprintf_std.o)
 .bss           0x00800177        0x0 c:/program files (x86)/atmel/avr tools/avr toolchain/bin/../lib/gcc/avr/4.5.1/../../../../avr/lib/avr51\libc.a(strnlen_P.o)
 .bss           0x00800177        0x0 c:/program files (x86)/atmel/avr tools/avr toolchain/bin/../lib/gcc/avr/4.5.1/../../../../avr/lib/avr51\libc.a(strnlen.o)
 .bss           0x00800177        0x0 c:/program files (x86)/atmel/avr tools/avr toolchain/bin/../lib/gcc/avr/4.5.1/../../../../avr/lib/avr51\libc.a(fputc.o)
 .bss           0x00800177        0x0 c:/program files (x86)/atmel/avr tools/avr toolchain/bin/../lib/gcc/avr/4.5.1/../../../../avr/lib/avr51\libc.a(ultoa_invert.o)
 *(.bss*)
 *(COMMON)
                0x00800177                PROVIDE (__bss_end, .)
                0x00002d02                __data_load_start = LOADADDR (.data)
                0x00002d72                __data_load_end = (__data_load_start + SIZEOF (.data))

.noinit         0x00800177        0x0
                0x00800177                PROVIDE (__noinit_start, .)
 *(.noinit*)
                0x00800177                PROVIDE (__noinit_end, .)
                0x00800177                _end = .
                0x00800177                PROVIDE (__heap_start, .)

.eeprom         0x00810000        0x0
 *(.eeprom*)
                0x00810000                __eeprom_end = .

.fuse
 *(.fuse)
 *(.lfuse)
 *(.hfuse)
 *(.efuse)

.lock
 *(.lock*)

.signature
 *(.signature*)

.stab           0x00000000      0xc84
 *(.stab)
 .stab          0x00000000      0x6cc c:/program files (x86)/atmel/avr tools/avr toolchain/bin/../lib/gcc/avr/4.5.1/../../../../avr/lib/avr51/crtm128.o
 .stab          0x000006cc       0x9c c:/program files (x86)/atmel/avr tools/avr toolchain/bin/../lib/gcc/avr/4.5.1/../../../../avr/lib/avr51\libc.a(strnlen_P.o)
                                 0xa8 (size before relaxing)
 .stab          0x00000768       0x9c c:/program files (x86)/atmel/avr tools/avr toolchain/bin/../lib/gcc/avr/4.5.1/../../../../avr/lib/avr51\libc.a(strnlen.o)
                                 0xa8 (size before relaxing)
 .stab          0x00000804      0x480 c:/program files (x86)/atmel/avr tools/avr toolchain/bin/../lib/gcc/avr/4.5.1/../../../../avr/lib/avr51\libc.a(ultoa_invert.o)
                                0x48c (size before relaxing)

.stabstr        0x00000000      0x1b6
 *(.stabstr)
 .stabstr       0x00000000      0x1b6 c:/program files (x86)/atmel/avr tools/avr toolchain/bin/../lib/gcc/avr/4.5.1/../../../../avr/lib/avr51/crtm128.o

.stab.excl
 *(.stab.excl)

.stab.exclstr
 *(.stab.exclstr)

.stab.index
 *(.stab.index)

.stab.indexstr
 *(.stab.indexstr)

.comment
 *(.comment)

.debug
 *(.debug)

.line
 *(.line)

.debug_srcinfo
 *(.debug_srcinfo)

.debug_sfnames
 *(.debug_sfnames)

.debug_aranges  0x00000000      0x1e0
 *(.debug_aranges)
 .debug_aranges
                0x00000000       0x20 keylcdledsoundfnd.o
 .debug_aranges
                0x00000020       0x20 c:/program files (x86)/atmel/avr tools/avr toolchain/bin/../lib/gcc/avr/4.5.1/avr51\libgcc.a(_fixunssfsi.o)
 .debug_aranges
                0x00000040       0x20 c:/program files (x86)/atmel/avr tools/avr toolchain/bin/../lib/gcc/avr/4.5.1/avr51\libgcc.a(_addsub_sf.o)
 .debug_aranges
                0x00000060       0x20 c:/program files (x86)/atmel/avr tools/avr toolchain/bin/../lib/gcc/avr/4.5.1/avr51\libgcc.a(_mul_sf.o)
 .debug_aranges
                0x00000080       0x20 c:/program files (x86)/atmel/avr tools/avr toolchain/bin/../lib/gcc/avr/4.5.1/avr51\libgcc.a(_div_sf.o)
 .debug_aranges
                0x000000a0       0x20 c:/program files (x86)/atmel/avr tools/avr toolchain/bin/../lib/gcc/avr/4.5.1/avr51\libgcc.a(_gt_sf.o)
 .debug_aranges
                0x000000c0       0x20 c:/program files (x86)/atmel/avr tools/avr toolchain/bin/../lib/gcc/avr/4.5.1/avr51\libgcc.a(_ge_sf.o)
 .debug_aranges
                0x000000e0       0x20 c:/program files (x86)/atmel/avr tools/avr toolchain/bin/../lib/gcc/avr/4.5.1/avr51\libgcc.a(_lt_sf.o)
 .debug_aranges
                0x00000100       0x20 c:/program files (x86)/atmel/avr tools/avr toolchain/bin/../lib/gcc/avr/4.5.1/avr51\libgcc.a(_sf_to_si.o)
 .debug_aranges
                0x00000120       0x20 c:/program files (x86)/atmel/avr tools/avr toolchain/bin/../lib/gcc/avr/4.5.1/avr51\libgcc.a(_pack_sf.o)
 .debug_aranges
                0x00000140       0x20 c:/program files (x86)/atmel/avr tools/avr toolchain/bin/../lib/gcc/avr/4.5.1/avr51\libgcc.a(_unpack_sf.o)
 .debug_aranges
                0x00000160       0x20 c:/program files (x86)/atmel/avr tools/avr toolchain/bin/../lib/gcc/avr/4.5.1/avr51\libgcc.a(_fpcmp_parts_sf.o)
 .debug_aranges
                0x00000180       0x20 c:/program files (x86)/atmel/avr tools/avr toolchain/bin/../lib/gcc/avr/4.5.1/../../../../avr/lib/avr51\libc.a(sprintf.o)
 .debug_aranges
                0x000001a0       0x20 c:/program files (x86)/atmel/avr tools/avr toolchain/bin/../lib/gcc/avr/4.5.1/../../../../avr/lib/avr51\libc.a(vfprintf_std.o)
 .debug_aranges
                0x000001c0       0x20 c:/program files (x86)/atmel/avr tools/avr toolchain/bin/../lib/gcc/avr/4.5.1/../../../../avr/lib/avr51\libc.a(fputc.o)

.debug_pubnames
                0x00000000      0x2cf
 *(.debug_pubnames)
 .debug_pubnames
                0x00000000       0xe7 keylcdledsoundfnd.o
 .debug_pubnames
                0x000000e7       0x23 c:/program files (x86)/atmel/avr tools/avr toolchain/bin/../lib/gcc/avr/4.5.1/avr51\libgcc.a(_fixunssfsi.o)
 .debug_pubnames
                0x0000010a       0x2c c:/program files (x86)/atmel/avr tools/avr toolchain/bin/../lib/gcc/avr/4.5.1/avr51\libgcc.a(_addsub_sf.o)
 .debug_pubnames
                0x00000136       0x1f c:/program files (x86)/atmel/avr tools/avr toolchain/bin/../lib/gcc/avr/4.5.1/avr51\libgcc.a(_mul_sf.o)
 .debug_pubnames
                0x00000155       0x1f c:/program files (x86)/atmel/avr tools/avr toolchain/bin/../lib/gcc/avr/4.5.1/avr51\libgcc.a(_div_sf.o)
 .debug_pubnames
                0x00000174       0x1e c:/program files (x86)/atmel/avr tools/avr toolchain/bin/../lib/gcc/avr/4.5.1/avr51\libgcc.a(_gt_sf.o)
 .debug_pubnames
                0x00000192       0x1e c:/program files (x86)/atmel/avr tools/avr toolchain/bin/../lib/gcc/avr/4.5.1/avr51\libgcc.a(_ge_sf.o)
 .debug_pubnames
                0x000001b0       0x1e c:/program files (x86)/atmel/avr tools/avr toolchain/bin/../lib/gcc/avr/4.5.1/avr51\libgcc.a(_lt_sf.o)
 .debug_pubnames
                0x000001ce       0x20 c:/program files (x86)/atmel/avr tools/avr toolchain/bin/../lib/gcc/avr/4.5.1/avr51\libgcc.a(_sf_to_si.o)
 .debug_pubnames
                0x000001ee       0x22 c:/program files (x86)/atmel/avr tools/avr toolchain/bin/../lib/gcc/avr/4.5.1/avr51\libgcc.a(_thenan_sf.o)
 .debug_pubnames
                0x00000210       0x1f c:/program files (x86)/atmel/avr tools/avr toolchain/bin/../lib/gcc/avr/4.5.1/avr51\libgcc.a(_pack_sf.o)
 .debug_pubnames
                0x0000022f       0x21 c:/program files (x86)/atmel/avr tools/avr toolchain/bin/../lib/gcc/avr/4.5.1/avr51\libgcc.a(_unpack_sf.o)
 .debug_pubnames
                0x00000250       0x26 c:/program files (x86)/atmel/avr tools/avr toolchain/bin/../lib/gcc/avr/4.5.1/avr51\libgcc.a(_fpcmp_parts_sf.o)
 .debug_pubnames
                0x00000276       0x1e c:/program files (x86)/atmel/avr tools/avr toolchain/bin/../lib/gcc/avr/4.5.1/../../../../avr/lib/avr51\libc.a(sprintf.o)
 .debug_pubnames
                0x00000294       0x1f c:/program files (x86)/atmel/avr tools/avr toolchain/bin/../lib/gcc/avr/4.5.1/../../../../avr/lib/avr51\libc.a(vfprintf_std.o)
 .debug_pubnames
                0x000002b3       0x1c c:/program files (x86)/atmel/avr tools/avr toolchain/bin/../lib/gcc/avr/4.5.1/../../../../avr/lib/avr51\libc.a(fputc.o)

.debug_info     0x00000000     0x3079
 *(.debug_info)
 .debug_info    0x00000000      0xac7 keylcdledsoundfnd.o
 .debug_info    0x00000ac7       0xbd c:/program files (x86)/atmel/avr tools/avr toolchain/bin/../lib/gcc/avr/4.5.1/avr51\libgcc.a(_fixunssfsi.o)
 .debug_info    0x00000b84      0x455 c:/program files (x86)/atmel/avr tools/avr toolchain/bin/../lib/gcc/avr/4.5.1/avr51\libgcc.a(_addsub_sf.o)
 .debug_info    0x00000fd9      0x3ec c:/program files (x86)/atmel/avr tools/avr toolchain/bin/../lib/gcc/avr/4.5.1/avr51\libgcc.a(_mul_sf.o)
 .debug_info    0x000013c5      0x37f c:/program files (x86)/atmel/avr tools/avr toolchain/bin/../lib/gcc/avr/4.5.1/avr51\libgcc.a(_div_sf.o)
 .debug_info    0x00001744      0x28a c:/program files (x86)/atmel/avr tools/avr toolchain/bin/../lib/gcc/avr/4.5.1/avr51\libgcc.a(_gt_sf.o)
 .debug_info    0x000019ce      0x28a c:/program files (x86)/atmel/avr tools/avr toolchain/bin/../lib/gcc/avr/4.5.1/avr51\libgcc.a(_ge_sf.o)
 .debug_info    0x00001c58      0x28a c:/program files (x86)/atmel/avr tools/avr toolchain/bin/../lib/gcc/avr/4.5.1/avr51\libgcc.a(_lt_sf.o)
 .debug_info    0x00001ee2      0x2a5 c:/program files (x86)/atmel/avr tools/avr toolchain/bin/../lib/gcc/avr/4.5.1/avr51\libgcc.a(_sf_to_si.o)
 .debug_info    0x00002187      0x15e c:/program files (x86)/atmel/avr tools/avr toolchain/bin/../lib/gcc/avr/4.5.1/avr51\libgcc.a(_thenan_sf.o)
 .debug_info    0x000022e5      0x2d9 c:/program files (x86)/atmel/avr tools/avr toolchain/bin/../lib/gcc/avr/4.5.1/avr51\libgcc.a(_pack_sf.o)
 .debug_info    0x000025be      0x25c c:/program files (x86)/atmel/avr tools/avr toolchain/bin/../lib/gcc/avr/4.5.1/avr51\libgcc.a(_unpack_sf.o)
 .debug_info    0x0000281a      0x1f1 c:/program files (x86)/atmel/avr tools/avr toolchain/bin/../lib/gcc/avr/4.5.1/avr51\libgcc.a(_fpcmp_parts_sf.o)
 .debug_info    0x00002a0b      0x1b7 c:/program files (x86)/atmel/avr tools/avr toolchain/bin/../lib/gcc/avr/4.5.1/../../../../avr/lib/avr51\libc.a(sprintf.o)
 .debug_info    0x00002bc2      0x350 c:/program files (x86)/atmel/avr tools/avr toolchain/bin/../lib/gcc/avr/4.5.1/../../../../avr/lib/avr51\libc.a(vfprintf_std.o)
 .debug_info    0x00002f12      0x167 c:/program files (x86)/atmel/avr tools/avr toolchain/bin/../lib/gcc/avr/4.5.1/../../../../avr/lib/avr51\libc.a(fputc.o)
 *(.gnu.linkonce.wi.*)

.debug_abbrev   0x00000000     0x1440
 *(.debug_abbrev)
 .debug_abbrev  0x00000000      0x169 keylcdledsoundfnd.o
 .debug_abbrev  0x00000169       0x5d c:/program files (x86)/atmel/avr tools/avr toolchain/bin/../lib/gcc/avr/4.5.1/avr51\libgcc.a(_fixunssfsi.o)
 .debug_abbrev  0x000001c6      0x1af c:/program files (x86)/atmel/avr tools/avr toolchain/bin/../lib/gcc/avr/4.5.1/avr51\libgcc.a(_addsub_sf.o)
 .debug_abbrev  0x00000375      0x1d9 c:/program files (x86)/atmel/avr tools/avr toolchain/bin/../lib/gcc/avr/4.5.1/avr51\libgcc.a(_mul_sf.o)
 .debug_abbrev  0x0000054e      0x1c4 c:/program files (x86)/atmel/avr tools/avr toolchain/bin/../lib/gcc/avr/4.5.1/avr51\libgcc.a(_div_sf.o)
 .debug_abbrev  0x00000712      0x151 c:/program files (x86)/atmel/avr tools/avr toolchain/bin/../lib/gcc/avr/4.5.1/avr51\libgcc.a(_gt_sf.o)
 .debug_abbrev  0x00000863      0x151 c:/program files (x86)/atmel/avr tools/avr toolchain/bin/../lib/gcc/avr/4.5.1/avr51\libgcc.a(_ge_sf.o)
 .debug_abbrev  0x000009b4      0x151 c:/program files (x86)/atmel/avr tools/avr toolchain/bin/../lib/gcc/avr/4.5.1/avr51\libgcc.a(_lt_sf.o)
 .debug_abbrev  0x00000b05      0x160 c:/program files (x86)/atmel/avr tools/avr toolchain/bin/../lib/gcc/avr/4.5.1/avr51\libgcc.a(_sf_to_si.o)
 .debug_abbrev  0x00000c65       0xcb c:/program files (x86)/atmel/avr tools/avr toolchain/bin/../lib/gcc/avr/4.5.1/avr51\libgcc.a(_thenan_sf.o)
 .debug_abbrev  0x00000d30      0x185 c:/program files (x86)/atmel/avr tools/avr toolchain/bin/../lib/gcc/avr/4.5.1/avr51\libgcc.a(_pack_sf.o)
 .debug_abbrev  0x00000eb5      0x14b c:/program files (x86)/atmel/avr tools/avr toolchain/bin/../lib/gcc/avr/4.5.1/avr51\libgcc.a(_unpack_sf.o)
 .debug_abbrev  0x00001000      0x10b c:/program files (x86)/atmel/avr tools/avr toolchain/bin/../lib/gcc/avr/4.5.1/avr51\libgcc.a(_fpcmp_parts_sf.o)
 .debug_abbrev  0x0000110b       0xfd c:/program files (x86)/atmel/avr tools/avr toolchain/bin/../lib/gcc/avr/4.5.1/../../../../avr/lib/avr51\libc.a(sprintf.o)
 .debug_abbrev  0x00001208      0x15f c:/program files (x86)/atmel/avr tools/avr toolchain/bin/../lib/gcc/avr/4.5.1/../../../../avr/lib/avr51\libc.a(vfprintf_std.o)
 .debug_abbrev  0x00001367       0xd9 c:/program files (x86)/atmel/avr tools/avr toolchain/bin/../lib/gcc/avr/4.5.1/../../../../avr/lib/avr51\libc.a(fputc.o)

.debug_line     0x00000000     0x26a4
 *(.debug_line)
 .debug_line    0x00000000      0xb2d keylcdledsoundfnd.o
 .debug_line    0x00000b2d       0xc9 c:/program files (x86)/atmel/avr tools/avr toolchain/bin/../lib/gcc/avr/4.5.1/avr51\libgcc.a(_fixunssfsi.o)
 .debug_line    0x00000bf6      0x2ee c:/program files (x86)/atmel/avr tools/avr toolchain/bin/../lib/gcc/avr/4.5.1/avr51\libgcc.a(_addsub_sf.o)
 .debug_line    0x00000ee4      0x28a c:/program files (x86)/atmel/avr tools/avr toolchain/bin/../lib/gcc/avr/4.5.1/avr51\libgcc.a(_mul_sf.o)
 .debug_line    0x0000116e      0x210 c:/program files (x86)/atmel/avr tools/avr toolchain/bin/../lib/gcc/avr/4.5.1/avr51\libgcc.a(_div_sf.o)
 .debug_line    0x0000137e      0x105 c:/program files (x86)/atmel/avr tools/avr toolchain/bin/../lib/gcc/avr/4.5.1/avr51\libgcc.a(_gt_sf.o)
 .debug_line    0x00001483      0x105 c:/program files (x86)/atmel/avr tools/avr toolchain/bin/../lib/gcc/avr/4.5.1/avr51\libgcc.a(_ge_sf.o)
 .debug_line    0x00001588      0x105 c:/program files (x86)/atmel/avr tools/avr toolchain/bin/../lib/gcc/avr/4.5.1/avr51\libgcc.a(_lt_sf.o)
 .debug_line    0x0000168d      0x13f c:/program files (x86)/atmel/avr tools/avr toolchain/bin/../lib/gcc/avr/4.5.1/avr51\libgcc.a(_sf_to_si.o)
 .debug_line    0x000017cc       0xb2 c:/program files (x86)/atmel/avr tools/avr toolchain/bin/../lib/gcc/avr/4.5.1/avr51\libgcc.a(_thenan_sf.o)
 .debug_line    0x0000187e      0x1f5 c:/program files (x86)/atmel/avr tools/avr toolchain/bin/../lib/gcc/avr/4.5.1/avr51\libgcc.a(_pack_sf.o)
 .debug_line    0x00001a73      0x175 c:/program files (x86)/atmel/avr tools/avr toolchain/bin/../lib/gcc/avr/4.5.1/avr51\libgcc.a(_unpack_sf.o)
 .debug_line    0x00001be8      0x179 c:/program files (x86)/atmel/avr tools/avr toolchain/bin/../lib/gcc/avr/4.5.1/avr51\libgcc.a(_fpcmp_parts_sf.o)
 .debug_line    0x00001d61      0x1af c:/program files (x86)/atmel/avr tools/avr toolchain/bin/../lib/gcc/avr/4.5.1/../../../../avr/lib/avr51\libc.a(sprintf.o)
 .debug_line    0x00001f10      0x64d c:/program files (x86)/atmel/avr tools/avr toolchain/bin/../lib/gcc/avr/4.5.1/../../../../avr/lib/avr51\libc.a(vfprintf_std.o)
 .debug_line    0x0000255d      0x147 c:/program files (x86)/atmel/avr tools/avr toolchain/bin/../lib/gcc/avr/4.5.1/../../../../avr/lib/avr51\libc.a(fputc.o)

.debug_frame    0x00000000      0x290
 *(.debug_frame)
 .debug_frame   0x00000000       0xb0 keylcdledsoundfnd.o
 .debug_frame   0x000000b0       0x20 c:/program files (x86)/atmel/avr tools/avr toolchain/bin/../lib/gcc/avr/4.5.1/avr51\libgcc.a(_fixunssfsi.o)
 .debug_frame   0x000000d0       0x40 c:/program files (x86)/atmel/avr tools/avr toolchain/bin/../lib/gcc/avr/4.5.1/avr51\libgcc.a(_addsub_sf.o)
 .debug_frame   0x00000110       0x20 c:/program files (x86)/atmel/avr tools/avr toolchain/bin/../lib/gcc/avr/4.5.1/avr51\libgcc.a(_mul_sf.o)
 .debug_frame   0x00000130       0x20 c:/program files (x86)/atmel/avr tools/avr toolchain/bin/../lib/gcc/avr/4.5.1/avr51\libgcc.a(_div_sf.o)
 .debug_frame   0x00000150       0x20 c:/program files (x86)/atmel/avr tools/avr toolchain/bin/../lib/gcc/avr/4.5.1/avr51\libgcc.a(_gt_sf.o)
 .debug_frame   0x00000170       0x20 c:/program files (x86)/atmel/avr tools/avr toolchain/bin/../lib/gcc/avr/4.5.1/avr51\libgcc.a(_ge_sf.o)
 .debug_frame   0x00000190       0x20 c:/program files (x86)/atmel/avr tools/avr toolchain/bin/../lib/gcc/avr/4.5.1/avr51\libgcc.a(_lt_sf.o)
 .debug_frame   0x000001b0       0x20 c:/program files (x86)/atmel/avr tools/avr toolchain/bin/../lib/gcc/avr/4.5.1/avr51\libgcc.a(_sf_to_si.o)
 .debug_frame   0x000001d0       0x20 c:/program files (x86)/atmel/avr tools/avr toolchain/bin/../lib/gcc/avr/4.5.1/avr51\libgcc.a(_pack_sf.o)
 .debug_frame   0x000001f0       0x20 c:/program files (x86)/atmel/avr tools/avr toolchain/bin/../lib/gcc/avr/4.5.1/avr51\libgcc.a(_unpack_sf.o)
 .debug_frame   0x00000210       0x20 c:/program files (x86)/atmel/avr tools/avr toolchain/bin/../lib/gcc/avr/4.5.1/avr51\libgcc.a(_fpcmp_parts_sf.o)
 .debug_frame   0x00000230       0x20 c:/program files (x86)/atmel/avr tools/avr toolchain/bin/../lib/gcc/avr/4.5.1/../../../../avr/lib/avr51\libc.a(sprintf.o)
 .debug_frame   0x00000250       0x20 c:/program files (x86)/atmel/avr tools/avr toolchain/bin/../lib/gcc/avr/4.5.1/../../../../avr/lib/avr51\libc.a(vfprintf_std.o)
 .debug_frame   0x00000270       0x20 c:/program files (x86)/atmel/avr tools/avr toolchain/bin/../lib/gcc/avr/4.5.1/../../../../avr/lib/avr51\libc.a(fputc.o)

.debug_str      0x00000000      0x60f
 *(.debug_str)
 .debug_str     0x00000000      0x18d keylcdledsoundfnd.o
                                0x1c6 (size before relaxing)
 .debug_str     0x0000018d       0xd8 c:/program files (x86)/atmel/avr tools/avr toolchain/bin/../lib/gcc/avr/4.5.1/avr51\libgcc.a(_fixunssfsi.o)
                                0x15d (size before relaxing)
 .debug_str     0x00000265      0x155 c:/program files (x86)/atmel/avr tools/avr toolchain/bin/../lib/gcc/avr/4.5.1/avr51\libgcc.a(_addsub_sf.o)
                                0x244 (size before relaxing)
 .debug_str     0x000003ba       0x27 c:/program files (x86)/atmel/avr tools/avr toolchain/bin/../lib/gcc/avr/4.5.1/avr51\libgcc.a(_mul_sf.o)
                                0x1fd (size before relaxing)
 .debug_str     0x000003e1       0x35 c:/program files (x86)/atmel/avr tools/avr toolchain/bin/../lib/gcc/avr/4.5.1/avr51\libgcc.a(_div_sf.o)
                                0x206 (size before relaxing)
 .debug_str     0x00000416        0xf c:/program files (x86)/atmel/avr tools/avr toolchain/bin/../lib/gcc/avr/4.5.1/avr51\libgcc.a(_gt_sf.o)
                                0x1cb (size before relaxing)
 .debug_str     0x00000425        0x8 c:/program files (x86)/atmel/avr tools/avr toolchain/bin/../lib/gcc/avr/4.5.1/avr51\libgcc.a(_ge_sf.o)
                                0x1cb (size before relaxing)
 .debug_str     0x0000042d        0x8 c:/program files (x86)/atmel/avr tools/avr toolchain/bin/../lib/gcc/avr/4.5.1/avr51\libgcc.a(_lt_sf.o)
                                0x1cb (size before relaxing)
 .debug_str     0x00000435        0xa c:/program files (x86)/atmel/avr tools/avr toolchain/bin/../lib/gcc/avr/4.5.1/avr51\libgcc.a(_sf_to_si.o)
                                0x1d4 (size before relaxing)
 .debug_str     0x00000000      0x176 c:/program files (x86)/atmel/avr tools/avr toolchain/bin/../lib/gcc/avr/4.5.1/avr51\libgcc.a(_thenan_sf.o)
 .debug_str     0x0000043f       0x16 c:/program files (x86)/atmel/avr tools/avr toolchain/bin/../lib/gcc/avr/4.5.1/avr51\libgcc.a(_pack_sf.o)
                                0x1d3 (size before relaxing)
 .debug_str     0x00000455        0xb c:/program files (x86)/atmel/avr tools/avr toolchain/bin/../lib/gcc/avr/4.5.1/avr51\libgcc.a(_unpack_sf.o)
                                0x1b5 (size before relaxing)
 .debug_str     0x00000460       0x10 c:/program files (x86)/atmel/avr tools/avr toolchain/bin/../lib/gcc/avr/4.5.1/avr51\libgcc.a(_fpcmp_parts_sf.o)
                                0x199 (size before relaxing)
 .debug_str     0x00000470       0x99 c:/program files (x86)/atmel/avr tools/avr toolchain/bin/../lib/gcc/avr/4.5.1/../../../../avr/lib/avr51\libc.a(sprintf.o)
                                0x121 (size before relaxing)
 .debug_str     0x00000509       0xb0 c:/program files (x86)/atmel/avr tools/avr toolchain/bin/../lib/gcc/avr/4.5.1/../../../../avr/lib/avr51\libc.a(vfprintf_std.o)
                                0x177 (size before relaxing)
 .debug_str     0x000005b9       0x56 c:/program files (x86)/atmel/avr tools/avr toolchain/bin/../lib/gcc/avr/4.5.1/../../../../avr/lib/avr51\libc.a(fputc.o)
                                 0xfb (size before relaxing)

.debug_loc      0x00000000     0x1326
 *(.debug_loc)
 .debug_loc     0x00000000       0x34 c:/program files (x86)/atmel/avr tools/avr toolchain/bin/../lib/gcc/avr/4.5.1/avr51\libgcc.a(_fixunssfsi.o)
 .debug_loc     0x00000034      0x31d c:/program files (x86)/atmel/avr tools/avr toolchain/bin/../lib/gcc/avr/4.5.1/avr51\libgcc.a(_addsub_sf.o)
 .debug_loc     0x00000351      0x2a4 c:/program files (x86)/atmel/avr tools/avr toolchain/bin/../lib/gcc/avr/4.5.1/avr51\libgcc.a(_mul_sf.o)
 .debug_loc     0x000005f5      0x1ac c:/program files (x86)/atmel/avr tools/avr toolchain/bin/../lib/gcc/avr/4.5.1/avr51\libgcc.a(_div_sf.o)
 .debug_loc     0x000007a1       0x48 c:/program files (x86)/atmel/avr tools/avr toolchain/bin/../lib/gcc/avr/4.5.1/avr51\libgcc.a(_gt_sf.o)
 .debug_loc     0x000007e9       0x48 c:/program files (x86)/atmel/avr tools/avr toolchain/bin/../lib/gcc/avr/4.5.1/avr51\libgcc.a(_ge_sf.o)
 .debug_loc     0x00000831       0x48 c:/program files (x86)/atmel/avr tools/avr toolchain/bin/../lib/gcc/avr/4.5.1/avr51\libgcc.a(_lt_sf.o)
 .debug_loc     0x00000879       0x56 c:/program files (x86)/atmel/avr tools/avr toolchain/bin/../lib/gcc/avr/4.5.1/avr51\libgcc.a(_sf_to_si.o)
 .debug_loc     0x000008cf      0x1f5 c:/program files (x86)/atmel/avr tools/avr toolchain/bin/../lib/gcc/avr/4.5.1/avr51\libgcc.a(_pack_sf.o)
 .debug_loc     0x00000ac4      0x111 c:/program files (x86)/atmel/avr tools/avr toolchain/bin/../lib/gcc/avr/4.5.1/avr51\libgcc.a(_unpack_sf.o)
 .debug_loc     0x00000bd5       0x50 c:/program files (x86)/atmel/avr tools/avr toolchain/bin/../lib/gcc/avr/4.5.1/avr51\libgcc.a(_fpcmp_parts_sf.o)
 .debug_loc     0x00000c25      0x6b1 c:/program files (x86)/atmel/avr tools/avr toolchain/bin/../lib/gcc/avr/4.5.1/../../../../avr/lib/avr51\libc.a(vfprintf_std.o)
 .debug_loc     0x000012d6       0x50 c:/program files (x86)/atmel/avr tools/avr toolchain/bin/../lib/gcc/avr/4.5.1/../../../../avr/lib/avr51\libc.a(fputc.o)

.debug_macinfo
 *(.debug_macinfo)
OUTPUT(keylcdledsoundfnd.elf elf32-avr)
LOAD linker stubs

.debug_pubtypes
                0x00000000      0x6d2
 .debug_pubtypes
                0x00000000       0x2b keylcdledsoundfnd.o
 .debug_pubtypes
                0x0000002b       0x34 c:/program files (x86)/atmel/avr tools/avr toolchain/bin/../lib/gcc/avr/4.5.1/avr51\libgcc.a(_fixunssfsi.o)
 .debug_pubtypes
                0x0000005f       0x9d c:/program files (x86)/atmel/avr tools/avr toolchain/bin/../lib/gcc/avr/4.5.1/avr51\libgcc.a(_addsub_sf.o)
 .debug_pubtypes
                0x000000fc       0x86 c:/program files (x86)/atmel/avr tools/avr toolchain/bin/../lib/gcc/avr/4.5.1/avr51\libgcc.a(_mul_sf.o)
 .debug_pubtypes
                0x00000182       0x86 c:/program files (x86)/atmel/avr tools/avr toolchain/bin/../lib/gcc/avr/4.5.1/avr51\libgcc.a(_div_sf.o)
 .debug_pubtypes
                0x00000208       0x91 c:/program files (x86)/atmel/avr tools/avr toolchain/bin/../lib/gcc/avr/4.5.1/avr51\libgcc.a(_gt_sf.o)
 .debug_pubtypes
                0x00000299       0x91 c:/program files (x86)/atmel/avr tools/avr toolchain/bin/../lib/gcc/avr/4.5.1/avr51\libgcc.a(_ge_sf.o)
 .debug_pubtypes
                0x0000032a       0x91 c:/program files (x86)/atmel/avr tools/avr toolchain/bin/../lib/gcc/avr/4.5.1/avr51\libgcc.a(_lt_sf.o)
 .debug_pubtypes
                0x000003bb       0x91 c:/program files (x86)/atmel/avr tools/avr toolchain/bin/../lib/gcc/avr/4.5.1/avr51\libgcc.a(_sf_to_si.o)
 .debug_pubtypes
                0x0000044c       0x5b c:/program files (x86)/atmel/avr tools/avr toolchain/bin/../lib/gcc/avr/4.5.1/avr51\libgcc.a(_thenan_sf.o)
 .debug_pubtypes
                0x000004a7       0x86 c:/program files (x86)/atmel/avr tools/avr toolchain/bin/../lib/gcc/avr/4.5.1/avr51\libgcc.a(_pack_sf.o)
 .debug_pubtypes
                0x0000052d       0x86 c:/program files (x86)/atmel/avr tools/avr toolchain/bin/../lib/gcc/avr/4.5.1/avr51\libgcc.a(_unpack_sf.o)
 .debug_pubtypes
                0x000005b3       0x5b c:/program files (x86)/atmel/avr tools/avr toolchain/bin/../lib/gcc/avr/4.5.1/avr51\libgcc.a(_fpcmp_parts_sf.o)
 .debug_pubtypes
                0x0000060e       0x48 c:/program files (x86)/atmel/avr tools/avr toolchain/bin/../lib/gcc/avr/4.5.1/../../../../avr/lib/avr51\libc.a(sprintf.o)
 .debug_pubtypes
                0x00000656       0x53 c:/program files (x86)/atmel/avr tools/avr toolchain/bin/../lib/gcc/avr/4.5.1/../../../../avr/lib/avr51\libc.a(vfprintf_std.o)
 .debug_pubtypes
                0x000006a9       0x29 c:/program files (x86)/atmel/avr tools/avr toolchain/bin/../lib/gcc/avr/4.5.1/../../../../avr/lib/avr51\libc.a(fputc.o)

.debug_ranges   0x00000000       0xe0
 .debug_ranges  0x00000000       0x30 keylcdledsoundfnd.o
 .debug_ranges  0x00000030       0x30 c:/program files (x86)/atmel/avr tools/avr toolchain/bin/../lib/gcc/avr/4.5.1/avr51\libgcc.a(_mul_sf.o)
 .debug_ranges  0x00000060       0x38 c:/program files (x86)/atmel/avr tools/avr toolchain/bin/../lib/gcc/avr/4.5.1/avr51\libgcc.a(_div_sf.o)
 .debug_ranges  0x00000098       0x10 c:/program files (x86)/atmel/avr tools/avr toolchain/bin/../lib/gcc/avr/4.5.1/../../../../avr/lib/avr51\libc.a(sprintf.o)
 .debug_ranges  0x000000a8       0x28 c:/program files (x86)/atmel/avr tools/avr toolchain/bin/../lib/gcc/avr/4.5.1/../../../../avr/lib/avr51\libc.a(vfprintf_std.o)
 .debug_ranges  0x000000d0       0x10 c:/program files (x86)/atmel/avr tools/avr toolchain/bin/../lib/gcc/avr/4.5.1/../../../../avr/lib/avr51\libc.a(fputc.o)
